// Jest Snapshot v1, https://goo.gl/fbAQLP

exports[`renders UI as expected 1`] = `
<div>
  <div>
    <img
      alt="avatar"
    />
    <h3>
      brett
    </h3>
    <span
      style={
        Object {
          "color": "green",
          "fontSize": 50,
        }
      }
    >
      •
    </span>
    <span>
      observing
    </span>
  </div>
  <div>
    <img
      alt="avatar"
    />
    <h3>
      john
    </h3>
    <span
      style={
        Object {
          "color": "lightgrey",
          "fontSize": 50,
        }
      }
    >
      •
    </span>
    <span>
      observing
    </span>
  </div>
  <div>
    <img
      alt="avatar"
    />
    <h3>
      bob
    </h3>
    <span
      style={
        Object {
          "color": "lightgrey",
          "fontSize": 50,
        }
      }
    >
      •
    </span>
    <span>
      observing
    </span>
  </div>
</div>
`;
